#-----------------------------------------------------------
# Vivado v2020.2 (64-bit)
# SW Build 3064766 on Wed Nov 18 09:12:45 MST 2020
# IP Build 3064653 on Wed Nov 18 14:17:31 MST 2020
# Start of session at: Fri Mar  5 10:00:53 2021
# Process ID: 32056
# Current directory: E:/class/Master of ANU/6213_Digital Systems and Microprocessors/my_6213/lab1/my_mux
# Command line: vivado.exe -gui_launcher_event rodinguilauncherevent3872 E:\class\Master of ANU\6213_Digital Systems and Microprocessors\my_6213\lab1\my_mux\project_1.xpr
# Log file: E:/class/Master of ANU/6213_Digital Systems and Microprocessors/my_6213/lab1/my_mux/vivado.log
# Journal file: E:/class/Master of ANU/6213_Digital Systems and Microprocessors/my_6213/lab1/my_mux\vivado.jou
#-----------------------------------------------------------
start_gui
open_project {E:/class/Master of ANU/6213_Digital Systems and Microprocessors/my_6213/lab1/my_mux/project_1.xpr}
update_compile_order -fileset sources_1
synth_design -rtl -rtl_skip_mlo -name rtl_1
launch_simulation
open_wave_config {E:/class/Master of ANU/6213_Digital Systems and Microprocessors/my_6213/lab1/my_mux/TB_my_mux_behav.wcfg}
source TB_my_mux.tcl
close_sim
close_project
open_project {E:/class/Master of ANU/6213_Digital Systems and Microprocessors/my_6213/lab1/my_adder/my_adder.xpr}
launch_simulation
source TB_Test_Add_1.tcl
update_compile_order -fileset sources_1
synth_design -rtl -rtl_skip_mlo -name rtl_1
close_sim
